en:
  golden:
    menu:
      groups:
        header: 'Header'
        sidebar: 'Sidebar'
